// Jest Snapshot v1, https://goo.gl/fbAQLP

exports[`should match snapshot 1`] = `"<div class=\\"makeStyles-container-59\\"><div class=\\"makeStyles-scrim-60\\"><h3 class=\\"MuiTypography-root makeStyles-title-61 MuiTypography-h3\\" data-testid=\\"RecommendedIntroTitle\\">Our recommended funds</h3><h6 class=\\"MuiTypography-root makeStyles-text-62 MuiTypography-h6\\">Lorem ipsum dolor sit amet, consectetur adipiscing elit, sed do eiusmod tempor incididunt ut labore et dolore magna aliqua. Lorem ipsum dolor sit amet, consectetur adipiscing elit, sed do eiusmod tempor incididunt ut labore et dolore magna aliqua.</h6><button class=\\"MuiButtonBase-root makeStyles-button-64\\" tabindex=\\"0\\" type=\\"button\\" data-testid=\\"RecommendedIntroViewButton\\"><span> View </span><svg class=\\"MuiSvgIcon-root makeStyles-icon-63\\" focusable=\\"false\\" viewBox=\\"0 0 24 24\\" aria-hidden=\\"true\\" role=\\"presentation\\"><path fill=\\"none\\" d=\\"M0 0h24v24H0z\\"></path><path d=\\"M12 4l-1.41 1.41L16.17 11H4v2h12.17l-5.58 5.59L12 20l8-8z\\"></path></svg><span class=\\"MuiTouchRipple-root\\"></span></button></div></div>"`;
